// Jest Snapshot v1, https://goo.gl/fbAQLP

exports[`Button should render Button component 1`] = `
<styled.button
  color="emerald"
  m="0.2rem"
  shape="rounded"
  size="small"
  type="button"
>
  button
</styled.button>
`;
