// Jest Snapshot v1, https://goo.gl/fbAQLP

exports[`Input should render Input component 1`] = `<styled.input />`;
